// Jest Snapshot v1, https://goo.gl/fbAQLP

exports[`Survey unit list rendering no data 1`] = `
<div
  id="ListSU"
>
  <button
    className="YellowButton"
    onClick={[Function]}
  >
    Retour
  </button>
  <div
    className="SurveyTitle"
  >
    vqs2021x00
  </div>
  <div
    className="Title"
  >
    Unitées enquêtées confiées à la DEM: 
    108
  </div>
  <table
    id="SUTable"
  >
    <thead>
      <tr>
        <th>
          Identifiant
        </th>
        <th>
          Ssech
        </th>
        <th>
          Département
        </th>
        <th>
          Commune
        </th>
        <th>
          Enquêteur
        </th>
        <th>
          Idep
        </th>
      </tr>
    </thead>
    <tbody />
  </table>
</div>
`;
